<html>
<body>
<pre>
<h1>µVision Build Log</h1>
<h2>Tool Versions:</h2>
IDE-Version: ¦ÌVision V5.38.0.0
Copyright (C) 2022 ARM Ltd and ARM Germany GmbH. All rights reserved.
License Information: Zhu Zhu, ACFly, LIC=EXJT4-FQAR7-HLHCL-03Q9D-04QUA-PBSDE
 
Tool Versions:
Toolchain:       MDK-ARM Plus  Version: 5.38.0.0
Toolchain Path:  D:\Program Files\Keil_v5\ARM\ARMCompiler6.14\Bin
C Compiler:      ArmClang.exe V6.14
Assembler:       Armasm.exe V6.14
Linker/Locator:  ArmLink.exe V6.14
Library Manager: ArmAr.exe V6.14
Hex Converter:   FromElf.exe V6.14
CPU DLL:         SARMCM3.DLL V5.38.0.0
Dialog DLL:      DCM.DLL V1.17.5.0
Target DLL:      STLink\ST-LINKIII-KEIL_SWO.dll V3.1.0.0
Dialog DLL:      TCM.DLL V1.56.4.0
 
<h2>Project:</h2>
F:\MyProgramme\KeilProject\H7\ACFly Prophet V10\ACFly Prophet V10 20230219_9_publish\ACFly.uvprojx
Project File Date:  07/14/2023

<h2>Output:</h2>
*** Using Compiler 'V6.14', folder: 'D:\Program Files\Keil_v5\ARM\ARMCompiler6.14\Bin'
Rebuild target 'Target 1'
assembling startup_stm32h743xx.s...
compiling system_stm32h7xx.c...
compiling stm32h7xx_hal_rcc_ex.c...
compiling stm32h7xx_hal_msp.c...
compiling Basic.cpp...
compiling TimeBase.cpp...
compiling sha256.c...
compiling Font.cpp...
compiling stm32h7xx_hal_cortex.c...
compiling stm32h7xx_hal_gpio.c...
compiling stm32h7xx_hal_hsem.c...
compiling stm32h7xx_hal_flash.c...
compiling stm32h7xx_hal.c...
compiling stm32h7xx_hal_flash_ex.c...
compiling stm32h7xx_hal_rcc.c...
compiling stm32h7xx_hal_tim_ex.c...
compiling InternalStorage.cpp...
compiling GUI_Images.cpp...
compiling main.cpp...
compiling stm32h7xx_hal_tim.c...
compiling GUI.cpp...
compiling stm32h7xx_hal_pwr.c...
compiling stm32h7xx_hal_dma.c...
compiling stm32h7xx_hal_i2c_ex.c...
compiling stm32h7xx_hal_pwr_ex.c...
compiling stm32h7xx_hal_dma_ex.c...
compiling stm32h7xx_hal_pcd_ex.c...
compiling stm32h7xx_hal_exti.c...
compiling Fences.cpp...
compiling croutine.c...
compiling stm32h7xx_hal_mdma.c...
compiling stm32h7xx_ll_delayblock.c...
compiling stm32h7xx_hal_sd_ex.c...
compiling event_groups.c...
compiling Missions.cpp...
compiling stm32h7xx_hal_pcd.c...
compiling stm32h7xx_ll_sdmmc.c...
compiling list.c...
compiling stm32h7xx_ll_usb.c...
compiling stream_buffer.c...
compiling timers.c...
compiling static_mem.c...
compiling port.c...
compiling SDStorage.cpp...
compiling stm32h7xx_hal_sd.c...
compiling queue.c...
compiling heap_4.c...
compiling tasks.c...
compiling cpu_load.cpp...
compiling stm32h7xx_hal_fdcan.c...
compiling cmsis_os.c...
compiling stm32h7xx_hal_i2c.c...
compiling drv_LED.cpp...
compiling drv_RCSbus.cpp...
compiling drv_Main.cpp...
compiling drv_Sensors.cpp...
compiling drv_CRC.cpp...
compiling drv_ExtIIC.cpp...
compiling drv_Oled.cpp...
compiling drv_RCPPM.cpp...
compiling drv_SDMMC.cpp...
compiling drv_Ultrasonic.cpp...
compiling drv_Flash.cpp...
compiling drv_PWMOut.cpp...
compiling drv_USB.cpp...
compiling Parameters.cpp...
compiling drv_Uart5.cpp...
compiling drv_Uart1.cpp...
compiling drv_Uart7.cpp...
compiling drv_Uart3.cpp...
compiling drv_Uart8.cpp...
compiling drv_SDI.cpp...
compiling drv_ADC.cpp...
compiling Receiver.cpp...
compiling drv_InternalMag.cpp...
compiling drv_GPS.cpp...
compiling drv_ExtMag.cpp...
compiling drv_TFMini.cpp...
compiling drv_UWB_LinkTrack.cpp...
compiling drv_RTK.cpp...
compiling drv_TFMiniAv.cpp...
compiling drv_RTK_DAO_Base.cpp...
compiling drv_UsbForwarding.cpp...
compiling drv_OpticalFlow_LC302.cpp...
compiling drv_MosaxicX5.cpp...
compiling drv_OpticalFlow_JL32xx.cpp...
compiling drv_OpticalFlow_LC306.cpp...
compiling drv_Can.cpp...
compiling drv_RTK_DAO_Move.cpp...
compiling Sensors.cpp...
compiling drv_UM982.cpp...
compiling drv_OpticalFlow_GL9306.cpp...
compiling drv_ISTRA24.cpp...
compiling drv_ExtLed_TCA62724FMG.cpp...
compiling drv_MR72_UartAv.cpp...
compiling lfs_util.c...
compiling bsp_driver_sd.c...
compiling drv_ExtBarometer.cpp...
compiling diskio.c...
compiling math_common_tables.cpp...
compiling ffsystem.c...
compiling ff_gen_drv.c...
compiling fatfs.c...
compiling flash_diskio.c...
compiling drv_IICTFMini_Av.cpp...
compiling ffunicode.c...
compiling drv_YT_ZR10.cpp...
compiling sd_diskio.c...
compiling drv_CAN_BMS_TATTU.cpp...
compiling drv_CAN_QOAR1271_Av.cpp...
compiling drv_CAN_MR72_Av.cpp...
compiling drv_CAN_Radar_TR60_AH.cpp...
compiling Mavlink.cpp...
compiling Debug.cpp...
compiling MS_Main.cpp...
compiling lfs.c...
compiling M30_AttCtrl.cpp...
compiling MSafe.cpp...
compiling MavlinkCMDProcess.cpp...
compiling InFlightCmdProcess.cpp...
compiling M11_TempCalib.cpp...
compiling Modes.cpp...
compiling M14_HorizonCalib.cpp...
compiling M35_Auto1.cpp...
compiling M10_RCCalib.cpp...
compiling M13_MagCalib.cpp...
compiling MavlinkSendFuncs.cpp...
compiling ctrl_Main.cpp...
compiling NavCmdProcess.cpp...
compiling M12_AccCalib.cpp...
Communication/MavlinkRCProcess.cpp(2726): warning: taking address of packed member 'extendedAxis1' of class or structure '__mavlink_manual_control_t' may result in an unaligned pointer value [-Waddress-of-packed-member]
                const int16_t* extAxis = &msg_rd->extendedAxis1;
                                          ^~~~~~~~~~~~~~~~~~~~~
1 warning generated.
compiling MavlinkRCProcess.cpp...
compiling AuxFuncs.cpp...
Modes/Avoidance.cpp(973): warning: enumeration values 'AvTargetType_XYLineSegment', 'AvTargetType_3dLineSegment', and 'AvTargetType_ZSurface' not handled in switch [-Wswitch]
                                switch(target->type)
                                       ^
1 warning generated.
compiling Avoidance.cpp...
FatFs/src/ff.c(6566): warning: passing 'TCHAR **' (aka 'char **') to parameter of type 'const TCHAR **' (aka 'const char **') discards qualifiers in nested pointer types [-Wincompatible-pointer-types-discards-qualifiers]
        dc = tchar2uni(&tp);    /* UTF-8 ==> UTF-16 */
                       ^~~
FatFs/src/ff.c(776): note: passing argument to parameter 'str' here
        const TCHAR** str               /* Pointer to pointer to TCHAR string in configured encoding */
                      ^
1 warning generated.
compiling ff.c...
compiling M32_PosCtrl.cpp...
compiling Commulink.cpp...
compiling Ctrl_Attitude.cpp...
compiling ctrl_Position.cpp...
linking...
.\Objects\ACFly.axf: Warning: L6969W: Changing AT Section .ARM.__AT_0x08040000 type from RW to RO in RES_IROM.
Program Size: Code=680964 RO-data=289388 RW-data=716680 ZI-data=65756  
Finished: 0 information, 1 warning and 0 error messages.
FromELF: creating hex file...
".\Objects\ACFly.axf" - 0 Error(s), 4 Warning(s).

<h2>Software Packages used:</h2>

Package Vendor: Keil
                https://www.keil.com/pack/Keil.STM32H7xx_DFP.3.1.0.pack
                Keil.STM32H7xx_DFP.3.1.0
                STMicroelectronics STM32H7 Series Device Support and Examples

<h2>Collection of Component include folders:</h2>
  D:/Program Files/Keil_v5/ARM/PACK/Keil/STM32H7xx_DFP/3.1.0/Drivers/CMSIS/Device/ST/STM32H7xx/Include

<h2>Collection of Component Files used:</h2>
Build Time Elapsed:  00:00:07
</pre>
</body>
</html>
